
> yogvaidya@0.1.0 build
> prisma generate && next build

Prisma schema loaded from prisma\schema.prisma

Γ£ö Generated Prisma Client (v6.6.0) to .\node_modules\.prisma\client in 272ms

Start by importing your Prisma Client (See: https://pris.ly/d/importing-client)

Tip: Interested in query caching in just a few lines of code? Try Accelerate today! https://pris.ly/tip-3-accelerate

   Γû▓ Next.js 15.3.1
   - Environments: .env.local

   Creating an optimized production build ...
 Γ£ô Compiled successfully in 19.0s
   Linting and checking validity of types ...

./src/app/api/admin/growth-stats/route.ts
31:5  Warning: Unexpected console statement. Only these console methods are allowed: warn, error.  no-console
146:5  Warning: Unexpected console statement. Only these console methods are allowed: warn, error.  no-console

./src/app/api/admin/logs/route.ts
118:5  Warning: Unexpected console statement. Only these console methods are allowed: warn, error.  no-console
122:5  Warning: Unexpected console statement. Only these console methods are allowed: warn, error.  no-console
123:5  Warning: Unexpected console statement. Only these console methods are allowed: warn, error.  no-console
126:7  Warning: Unexpected console statement. Only these console methods are allowed: warn, error.  no-console
133:7  Warning: Unexpected console statement. Only these console methods are allowed: warn, error.  no-console
141:5  Warning: Unexpected console statement. Only these console methods are allowed: warn, error.  no-console
145:7  Warning: Unexpected console statement. Only these console methods are allowed: warn, error.  no-console
156:5  Warning: Unexpected console statement. Only these console methods are allowed: warn, error.  no-console
183:5  Warning: Unexpected console statement. Only these console methods are allowed: warn, error.  no-console

./src/app/api/admin/maintain-recurring-slots/route.ts
23:5  Warning: Unexpected console statement. Only these console methods are allowed: warn, error.  no-console
49:5  Warning: Unexpected console statement. Only these console methods are allowed: warn, error.  no-console
55:7  Warning: Unexpected console statement. Only these console methods are allowed: warn, error.  no-console

./src/app/api/admin/update-session-status/route.ts
6:5  Warning: Unexpected console statement. Only these console methods are allowed: warn, error.  no-console
14:5  Warning: Unexpected console statement. Only these console methods are allowed: warn, error.  no-console

./src/app/api/chat/route.ts
9:3  Warning: Unexpected console statement. Only these console methods are allowed: warn, error.  no-console
181:3  Warning: Unexpected console statement. Only these console methods are allowed: warn, error.  no-console

./src/app/api/cron/complete-sessions/route.ts
7:5  Warning: Unexpected console statement. Only these console methods are allowed: warn, error.  no-console
14:7  Warning: Unexpected console statement. Only these console methods are allowed: warn, error.  no-console
24:5  Warning: Unexpected console statement. Only these console methods are allowed: warn, error.  no-console

./src/app/api/debug/sessions/route.ts
14:5  Warning: Unexpected console statement. Only these console methods are allowed: warn, error.  no-console
63:5  Warning: Unexpected console statement. Only these console methods are allowed: warn, error.  no-console

./src/app/api/debug/user-sessions/route.ts
6:5  Warning: Unexpected console statement. Only these console methods are allowed: warn, error.  no-console
10:5  Warning: Unexpected console statement. Only these console methods are allowed: warn, error.  no-console

./src/app/api/mentor/availability-status/route.ts
20:5  Warning: Unexpected console statement. Only these console methods are allowed: warn, error.  no-console
33:11  Warning: Unexpected console statement. Only these console methods are allowed: warn, error.  no-console
64:5  Warning: Unexpected console statement. Only these console methods are allowed: warn, error.  no-console

./src/app/api/mentor/book-session/route.ts
35:3  Warning: Unexpected console statement. Only these console methods are allowed: warn, error.  no-console
37:5  Warning: Unexpected console statement. Only these console methods are allowed: warn, error.  no-console
39:5  Warning: Unexpected console statement. Only these console methods are allowed: warn, error.  no-console
42:7  Warning: Unexpected console statement. Only these console methods are allowed: warn, error.  no-console
46:5  Warning: Unexpected console statement. Only these console methods are allowed: warn, error.  no-console
48:5  Warning: Unexpected console statement. Only these console methods are allowed: warn, error.  no-console
56:7  Warning: Unexpected console statement. Only these console methods are allowed: warn, error.  no-console
83:9  Warning: Unexpected console statement. Only these console methods are allowed: warn, error.  no-console
95:9  Warning: Unexpected console statement. Only these console methods are allowed: warn, error.  no-console
105:7  Warning: Unexpected console statement. Only these console methods are allowed: warn, error.  no-console
130:9  Warning: Unexpected console statement. Only these console methods are allowed: warn, error.  no-console
138:7  Warning: Unexpected console statement. Only these console methods are allowed: warn, error.  no-console
159:9  Warning: Unexpected console statement. Only these console methods are allowed: warn, error.  no-console
174:9  Warning: Unexpected console statement. Only these console methods are allowed: warn, error.  no-console
181:7  Warning: Unexpected console statement. Only these console methods are allowed: warn, error.  no-console
182:7  Warning: Unexpected console statement. Only these console methods are allowed: warn, error.  no-console
200:7  Warning: Unexpected console statement. Only these console methods are allowed: warn, error.  no-console
229:7  Warning: Unexpected console statement. Only these console methods are allowed: warn, error.  no-console

./src/app/api/mentor/create-session-payment/route.ts
21:5  Warning: Unexpected console statement. Only these console methods are allowed: warn, error.  no-console
45:5  Warning: Unexpected console statement. Only these console methods are allowed: warn, error.  no-console

./src/app/api/mentor/diet-plans/route.ts
154:5  Warning: Unexpected console statement. Only these console methods are allowed: warn, error.  no-console
164:5  Warning: Unexpected console statement. Only these console methods are allowed: warn, error.  no-console
171:9  Warning: Unexpected console statement. Only these console methods are allowed: warn, error.  no-console
183:9  Warning: Unexpected console statement. Only these console methods are allowed: warn, error.  no-console
229:5  Warning: Unexpected console statement. Only these console methods are allowed: warn, error.  no-console

./src/app/api/mentor/get-approved-mentors/route.ts
45:11  Warning: Unexpected console statement. Only these console methods are allowed: warn, error.  no-console

./src/app/api/mentor/sessions/route.ts
10:5  Warning: Unexpected console statement. Only these console methods are allowed: warn, error.  no-console
13:5  Warning: Unexpected console statement. Only these console methods are allowed: warn, error.  no-console
22:5  Warning: Unexpected console statement. Only these console methods are allowed: warn, error.  no-console
26:7  Warning: Unexpected console statement. Only these console methods are allowed: warn, error.  no-console
38:5  Warning: Unexpected console statement. Only these console methods are allowed: warn, error.  no-console
47:5  Warning: Unexpected console statement. Only these console methods are allowed: warn, error.  no-console
69:5  Warning: Unexpected console statement. Only these console methods are allowed: warn, error.  no-console
71:7  Warning: Unexpected console statement. Only these console methods are allowed: warn, error.  no-console
160:5  Warning: Unexpected console statement. Only these console methods are allowed: warn, error.  no-console
161:5  Warning: Unexpected console statement. Only these console methods are allowed: warn, error.  no-console

./src/app/api/mentor/subscription-sessions/route.ts
28:5  Warning: Unexpected console statement. Only these console methods are allowed: warn, error.  no-console
128:5  Warning: Unexpected console statement. Only these console methods are allowed: warn, error.  no-console
129:5  Warning: Unexpected console statement. Only these console methods are allowed: warn, error.  no-console
148:5  Warning: Unexpected console statement. Only these console methods are allowed: warn, error.  no-console
149:5  Warning: Unexpected console statement. Only these console methods are allowed: warn, error.  no-console
200:5  Warning: Unexpected console statement. Only these console methods are allowed: warn, error.  no-console

./src/app/api/mentor/timeslots/book/route.ts
32:5  Warning: Unexpected console statement. Only these console methods are allowed: warn, error.  no-console
147:5  Warning: Unexpected console statement. Only these console methods are allowed: warn, error.  no-console

./src/app/api/mentor/timeslots/route.ts
35:5  Warning: Unexpected console statement. Only these console methods are allowed: warn, error.  no-console
81:7  Warning: Unexpected console statement. Only these console methods are allowed: warn, error.  no-console
101:9  Warning: Unexpected console statement. Only these console methods are allowed: warn, error.  no-console
124:7  Warning: Unexpected console statement. Only these console methods are allowed: warn, error.  no-console
150:7  Warning: Unexpected console statement. Only these console methods are allowed: warn, error.  no-console
187:5  Warning: Unexpected console statement. Only these console methods are allowed: warn, error.  no-console
291:7  Warning: Unexpected console statement. Only these console methods are allowed: warn, error.  no-console
335:7  Warning: Unexpected console statement. Only these console methods are allowed: warn, error.  no-console
344:11  Warning: Unexpected console statement. Only these console methods are allowed: warn, error.  no-console
353:5  Warning: Unexpected console statement. Only these console methods are allowed: warn, error.  no-console

./src/app/api/mentor/timeslots/simple-test/route.ts
4:3  Warning: Unexpected console statement. Only these console methods are allowed: warn, error.  no-console
13:3  Warning: Unexpected console statement. Only these console methods are allowed: warn, error.  no-console

./src/app/api/mentor/timeslots/verify-payment/route.ts
30:5  Warning: Unexpected console statement. Only these console methods are allowed: warn, error.  no-console
175:5  Warning: Unexpected console statement. Only these console methods are allowed: warn, error.  no-console

./src/app/api/mentor/timeslots/[slotId]/book/route.ts
8:5  Warning: Unexpected console statement. Only these console methods are allowed: warn, error.  no-console
114:7  Warning: Unexpected console statement. Only these console methods are allowed: warn, error.  no-console
119:7  Warning: Unexpected console statement. Only these console methods are allowed: warn, error.  no-console
125:7  Warning: Unexpected console statement. Only these console methods are allowed: warn, error.  no-console
133:7  Warning: Unexpected console statement. Only these console methods are allowed: warn, error.  no-console
152:7  Warning: Unexpected console statement. Only these console methods are allowed: warn, error.  no-console
173:5  Warning: Unexpected console statement. Only these console methods are allowed: warn, error.  no-console
219:5  Warning: Unexpected console statement. Only these console methods are allowed: warn, error.  no-console

./src/app/api/mentor/timeslots/[slotId]/route.ts
12:5  Warning: Unexpected console statement. Only these console methods are allowed: warn, error.  no-console
63:5  Warning: Unexpected console statement. Only these console methods are allowed: warn, error.  no-console
125:5  Warning: Unexpected console statement. Only these console methods are allowed: warn, error.  no-console
186:5  Warning: Unexpected console statement. Only these console methods are allowed: warn, error.  no-console
209:5  Warning: Unexpected console statement. Only these console methods are allowed: warn, error.  no-console
296:5  Warning: Unexpected console statement. Only these console methods are allowed: warn, error.  no-console

./src/app/api/mentor/timeslots/[slotId]/test/route.ts
6:5  Warning: Unexpected console statement. Only these console methods are allowed: warn, error.  no-console

./src/app/api/mentor/[mentorId]/route.ts
14:5  Warning: Unexpected console statement. Only these console methods are allowed: warn, error.  no-console
30:5  Warning: Unexpected console statement. Only these console methods are allowed: warn, error.  no-console
33:7  Warning: Unexpected console statement. Only these console methods are allowed: warn, error.  no-console
38:7  Warning: Unexpected console statement. Only these console methods are allowed: warn, error.  no-console

./src/app/api/students/my-sessions/route.ts
11:5  Warning: Unexpected console statement. Only these console methods are allowed: warn, error.  no-console
19:5  Warning: Unexpected console statement. Only these console methods are allowed: warn, error.  no-console
120:5  Warning: Unexpected console statement. Only these console methods are allowed: warn, error.  no-console
144:5  Warning: Unexpected console statement. Only these console methods are allowed: warn, error.  no-console

./src/app/api/test/availability/route.ts
6:5  Warning: Unexpected console statement. Only these console methods are allowed: warn, error.  no-console
19:5  Warning: Unexpected console statement. Only these console methods are allowed: warn, error.  no-console
38:9  Warning: Unexpected console statement. Only these console methods are allowed: warn, error.  no-console

./src/app/api/test/session-service/[sessionId]/route.ts
16:5  Warning: Unexpected console statement. Only these console methods are allowed: warn, error.  no-console

./src/app/api/test/set-availability/route.ts
8:5  Warning: Unexpected console statement. Only these console methods are allowed: warn, error.  no-console
15:5  Warning: Unexpected console statement. Only these console methods are allowed: warn, error.  no-console

./src/app/api/tickets/route.ts
37:5  Warning: Unexpected console statement. Only these console methods are allowed: warn, error.  no-console

./src/app/api/users/route.ts
49:5  Warning: Unexpected console statement. Only these console methods are allowed: warn, error.  no-console
53:5  Warning: Unexpected console statement. Only these console methods are allowed: warn, error.  no-console
56:7  Warning: Unexpected console statement. Only these console methods are allowed: warn, error.  no-console
65:5  Warning: Unexpected console statement. Only these console methods are allowed: warn, error.  no-console
68:7  Warning: Unexpected console statement. Only these console methods are allowed: warn, error.  no-console
73:5  Warning: Unexpected console statement. Only these console methods are allowed: warn, error.  no-console
117:5  Warning: Unexpected console statement. Only these console methods are allowed: warn, error.  no-console
164:5  Warning: Unexpected console statement. Only these console methods are allowed: warn, error.  no-console
168:5  Warning: Unexpected console statement. Only these console methods are allowed: warn, error.  no-console
171:7  Warning: Unexpected console statement. Only these console methods are allowed: warn, error.  no-console
180:5  Warning: Unexpected console statement. Only these console methods are allowed: warn, error.  no-console
183:7  Warning: Unexpected console statement. Only these console methods are allowed: warn, error.  no-console
188:5  Warning: Unexpected console statement. Only these console methods are allowed: warn, error.  no-console
193:7  Warning: Unexpected console statement. Only these console methods are allowed: warn, error.  no-console
197:5  Warning: Unexpected console statement. Only these console methods are allowed: warn, error.  no-console
201:7  Warning: Unexpected console statement. Only these console methods are allowed: warn, error.  no-console
220:5  Warning: Unexpected console statement. Only these console methods are allowed: warn, error.  no-console
283:5  Warning: Unexpected console statement. Only these console methods are allowed: warn, error.  no-console
284:5  Warning: Unexpected console statement. Only these console methods are allowed: warn, error.  no-console

./src/app/api/users/session-bookings/route.ts
44:7  Warning: Unexpected console statement. Only these console methods are allowed: warn, error.  no-console

./src/app/api/users/unified-sessions/route.ts
12:5  Warning: Unexpected console statement. Only these console methods are allowed: warn, error.  no-console
20:5  Warning: Unexpected console statement. Only these console methods are allowed: warn, error.  no-console
108:5  Warning: Unexpected console statement. Only these console methods are allowed: warn, error.  no-console
182:5  Warning: Unexpected console statement. Only these console methods are allowed: warn, error.  no-console

./src/app/dashboard/diet-plan/[id]/page.tsx
44:7  Warning: Unexpected console statement. Only these console methods are allowed: warn, error.  no-console
46:7  Warning: Unexpected console statement. Only these console methods are allowed: warn, error.  no-console
55:7  Warning: Unexpected console statement. Only these console methods are allowed: warn, error.  no-console

./src/app/debug-trial/page.tsx
55:7  Warning: Unexpected console statement. Only these console methods are allowed: warn, error.  no-console

./src/components/checkout/Checkout.tsx
115:7  Warning: Unexpected console statement. Only these console methods are allowed: warn, error.  no-console
147:7  Warning: Unexpected console statement. Only these console methods are allowed: warn, error.  no-console
171:13  Warning: Unexpected console statement. Only these console methods are allowed: warn, error.  no-console
192:15  Warning: Unexpected console statement. Only these console methods are allowed: warn, error.  no-console

./src/components/checkout/SessionCheckout.tsx
174:11  Warning: Unexpected console statement. Only these console methods are allowed: warn, error.  no-console
222:7  Warning: Unexpected console statement. Only these console methods are allowed: warn, error.  no-console
223:7  Warning: Unexpected console statement. Only these console methods are allowed: warn, error.  no-console
244:7  Warning: Unexpected console statement. Only these console methods are allowed: warn, error.  no-console
245:7  Warning: Unexpected console statement. Only these console methods are allowed: warn, error.  no-console
248:7  Warning: Unexpected console statement. Only these console methods are allowed: warn, error.  no-console

./src/components/checkout/TimeSlotCheckout.tsx
116:7  Warning: Unexpected console statement. Only these console methods are allowed: warn, error.  no-console
129:7  Warning: Unexpected console statement. Only these console methods are allowed: warn, error.  no-console
132:7  Warning: Unexpected console statement. Only these console methods are allowed: warn, error.  no-console
231:13  Warning: Unexpected console statement. Only these console methods are allowed: warn, error.  no-console

./src/components/dashboard/admin/sections/analytics-section.tsx
51:9  Warning: Unexpected console statement. Only these console methods are allowed: warn, error.  no-console
103:9  Warning: Unexpected console statement. Only these console methods are allowed: warn, error.  no-console
129:7  Warning: Unexpected console statement. Only these console methods are allowed: warn, error.  no-console
412:3  Warning: Unexpected console statement. Only these console methods are allowed: warn, error.  no-console

./src/components/dashboard/admin/sections/mentor-management-section.tsx
100:3  Warning: Unexpected console statement. Only these console methods are allowed: warn, error.  no-console
170:13  Warning: Unexpected console statement. Only these console methods are allowed: warn, error.  no-console
273:9  Warning: Unexpected console statement. Only these console methods are allowed: warn, error.  no-console
277:9  Warning: Unexpected console statement. Only these console methods are allowed: warn, error.  no-console
278:9  Warning: Unexpected console statement. Only these console methods are allowed: warn, error.  no-console
279:9  Warning: Unexpected console statement. Only these console methods are allowed: warn, error.  no-console
298:11  Warning: Unexpected console statement. Only these console methods are allowed: warn, error.  no-console

./src/components/dashboard/admin/sections/overview-section.tsx
258:13  Warning: Unexpected console statement. Only these console methods are allowed: warn, error.  no-console

./src/components/dashboard/mentor/sections/diet-plans-section.tsx
97:11  Warning: Unexpected console statement. Only these console methods are allowed: warn, error.  no-console

./src/components/dashboard/mentor/sections/schedule-section.tsx
289:5  Warning: Unexpected console statement. Only these console methods are allowed: warn, error.  no-console

./src/components/dashboard/mentor/sections/sessions-section.tsx
88:9  Warning: Unexpected console statement. Only these console methods are allowed: warn, error.  no-console
165:5  Warning: Unexpected console statement. Only these console methods are allowed: warn, error.  no-console
193:5  Warning: Unexpected console statement. Only these console methods are allowed: warn, error.  no-console
416:7  Warning: Unexpected console statement. Only these console methods are allowed: warn, error.  no-console
427:7  Warning: Unexpected console statement. Only these console methods are allowed: warn, error.  no-console
633:11  Warning: Unexpected console statement. Only these console methods are allowed: warn, error.  no-console

./src/components/dashboard/mentor/sections/students-section.tsx
23:9  Warning: Unexpected console statement. Only these console methods are allowed: warn, error.  no-console

./src/components/dashboard/moderator/sections/analytics-section.tsx
82:9  Warning: Unexpected console statement. Only these console methods are allowed: warn, error.  no-console
157:7  Warning: Unexpected console statement. Only these console methods are allowed: warn, error.  no-console

./src/components/dashboard/moderator/sections/overview-section.tsx
76:9  Warning: Unexpected console statement. Only these console methods are allowed: warn, error.  no-console
83:9  Warning: Unexpected console statement. Only these console methods are allowed: warn, error.  no-console
152:13  Warning: Unexpected console statement. Only these console methods are allowed: warn, error.  no-console

./src/components/dashboard/shared/applications-section.tsx
50:9  Warning: Unexpected console statement. Only these console methods are allowed: warn, error.  no-console
78:7  Warning: Unexpected console statement. Only these console methods are allowed: warn, error.  no-console

./src/components/dashboard/shared/users-management-section.tsx
36:3  Warning: Unexpected console statement. Only these console methods are allowed: warn, error.  no-console
81:13  Warning: Unexpected console statement. Only these console methods are allowed: warn, error.  no-console
195:9  Warning: Unexpected console statement. Only these console methods are allowed: warn, error.  no-console
199:9  Warning: Unexpected console statement. Only these console methods are allowed: warn, error.  no-console
200:9  Warning: Unexpected console statement. Only these console methods are allowed: warn, error.  no-console
201:9  Warning: Unexpected console statement. Only these console methods are allowed: warn, error.  no-console
219:11  Warning: Unexpected console statement. Only these console methods are allowed: warn, error.  no-console
272:9  Warning: Unexpected console statement. Only these console methods are allowed: warn, error.  no-console
276:9  Warning: Unexpected console statement. Only these console methods are allowed: warn, error.  no-console
291:11  Warning: Unexpected console statement. Only these console methods are allowed: warn, error.  no-console

./src/components/dashboard/user/sections/classes-section.tsx
71:7  Warning: Unexpected console statement. Only these console methods are allowed: warn, error.  no-console
74:7  Warning: Unexpected console statement. Only these console methods are allowed: warn, error.  no-console
77:9  Warning: Unexpected console statement. Only these console methods are allowed: warn, error.  no-console
78:9  Warning: Unexpected console statement. Only these console methods are allowed: warn, error.  no-console
115:13  Warning: Unexpected console statement. Only these console methods are allowed: warn, error.  no-console
166:11  Warning: Unexpected console statement. Only these console methods are allowed: warn, error.  no-console
197:7  Warning: Unexpected console statement. Only these console methods are allowed: warn, error.  no-console
200:9  Warning: Unexpected console statement. Only these console methods are allowed: warn, error.  no-console
253:5  Warning: Unexpected console statement. Only these console methods are allowed: warn, error.  no-console
270:5  Warning: Unexpected console statement. Only these console methods are allowed: warn, error.  no-console
275:7  Warning: Unexpected console statement. Only these console methods are allowed: warn, error.  no-console
281:7  Warning: Unexpected console statement. Only these console methods are allowed: warn, error.  no-console
291:5  Warning: Unexpected console statement. Only these console methods are allowed: warn, error.  no-console
301:3  Warning: Unexpected console statement. Only these console methods are allowed: warn, error.  no-console
304:3  Warning: Unexpected console statement. Only these console methods are allowed: warn, error.  no-console
348:5  Warning: Unexpected console statement. Only these console methods are allowed: warn, error.  no-console

./src/components/dashboard/user/sections/diet-plans-section.tsx
33:9  Warning: Unexpected console statement. Only these console methods are allowed: warn, error.  no-console
36:9  Warning: Unexpected console statement. Only these console methods are allowed: warn, error.  no-console
37:9  Warning: Unexpected console statement. Only these console methods are allowed: warn, error.  no-console
38:9  Warning: Unexpected console statement. Only these console methods are allowed: warn, error.  no-console
59:9  Warning: Unexpected console statement. Only these console methods are allowed: warn, error.  no-console
60:9  Warning: Unexpected console statement. Only these console methods are allowed: warn, error.  no-console

./src/components/dashboard/user/sections/explore-mentors-section.tsx
116:9  Warning: Unexpected console statement. Only these console methods are allowed: warn, error.  no-console

./src/components/dashboard/user/sections/subscription-section.tsx
82:9  Warning: Unexpected console statement. Only these console methods are allowed: warn, error.  no-console
86:11  Warning: Unexpected console statement. Only these console methods are allowed: warn, error.  no-console
90:13  Warning: Unexpected console statement. Only these console methods are allowed: warn, error.  no-console
104:9  Warning: Unexpected console statement. Only these console methods are allowed: warn, error.  no-console

./src/components/forms/SignupForm.tsx
89:11  Warning: Unexpected console statement. Only these console methods are allowed: warn, error.  no-console
93:11  Warning: Unexpected console statement. Only these console methods are allowed: warn, error.  no-console

./src/components/mentor/mentor-section.tsx
16:3  Warning: Unexpected console statement. Only these console methods are allowed: warn, error.  no-console
73:7  Warning: Unexpected console statement. Only these console methods are allowed: warn, error.  no-console
80:9  Warning: Unexpected console statement. Only these console methods are allowed: warn, error.  no-console

./src/components/mentor/MentorApplicationForm.tsx
215:13  Warning: Unexpected console statement. Only these console methods are allowed: warn, error.  no-console

./src/components/ui/use-toast.tsx
15:7  Warning: Unexpected console statement. Only these console methods are allowed: warn, error.  no-console

./src/hooks/use-logger.ts
19:5  Warning: Unexpected console statement. Only these console methods are allowed: warn, error.  no-console
20:5  Warning: Unexpected console statement. Only these console methods are allowed: warn, error.  no-console
24:7  Warning: Unexpected console statement. Only these console methods are allowed: warn, error.  no-console
34:7  Warning: Unexpected console statement. Only these console methods are allowed: warn, error.  no-console
35:7  Warning: Unexpected console statement. Only these console methods are allowed: warn, error.  no-console
44:7  Warning: Unexpected console statement. Only these console methods are allowed: warn, error.  no-console

./src/hooks/use-session-status-updates.ts
15:7  Warning: Unexpected console statement. Only these console methods are allowed: warn, error.  no-console
28:11  Warning: Unexpected console statement. Only these console methods are allowed: warn, error.  no-console

./src/hooks/use-trial-expiration.ts
36:13  Warning: Unexpected console statement. Only these console methods are allowed: warn, error.  no-console

./src/lib/actions/billing-actions.ts
29:5  Warning: Unexpected console statement. Only these console methods are allowed: warn, error.  no-console
33:5  Warning: Unexpected console statement. Only these console methods are allowed: warn, error.  no-console

./src/lib/recurring-slots-generator.ts
77:5  Warning: Unexpected console statement. Only these console methods are allowed: warn, error.  no-console
80:5  Warning: Unexpected console statement. Only these console methods are allowed: warn, error.  no-console
81:5  Warning: Unexpected console statement. Only these console methods are allowed: warn, error.  no-console
100:11  Warning: Unexpected console statement. Only these console methods are allowed: warn, error.  no-console
126:9  Warning: Unexpected console statement. Only these console methods are allowed: warn, error.  no-console
171:9  Warning: Unexpected console statement. Only these console methods are allowed: warn, error.  no-console
175:11  Warning: Unexpected console statement. Only these console methods are allowed: warn, error.  no-console
178:9  Warning: Unexpected console statement. Only these console methods are allowed: warn, error.  no-console
181:7  Warning: Unexpected console statement. Only these console methods are allowed: warn, error.  no-console
224:5  Warning: Unexpected console statement. Only these console methods are allowed: warn, error.  no-console
232:5  Warning: Unexpected console statement. Only these console methods are allowed: warn, error.  no-console
244:5  Warning: Unexpected console statement. Only these console methods are allowed: warn, error.  no-console
327:5  Warning: Unexpected console statement. Only these console methods are allowed: warn, error.  no-console
339:7  Warning: Unexpected console statement. Only these console methods are allowed: warn, error.  no-console
340:7  Warning: Unexpected console statement. Only these console methods are allowed: warn, error.  no-console
363:9  Warning: Unexpected console statement. Only these console methods are allowed: warn, error.  no-console
383:9  Warning: Unexpected console statement. Only these console methods are allowed: warn, error.  no-console
385:9  Warning: Unexpected console statement. Only these console methods are allowed: warn, error.  no-console
389:5  Warning: Unexpected console statement. Only these console methods are allowed: warn, error.  no-console

./src/lib/server/billing-server.ts
17:5  Warning: Unexpected console statement. Only these console methods are allowed: warn, error.  no-console
22:5  Warning: Unexpected console statement. Only these console methods are allowed: warn, error.  no-console
68:5  Warning: Unexpected console statement. Only these console methods are allowed: warn, error.  no-console

./src/lib/server/mentor-overview-server.ts
45:5  Warning: Unexpected console statement. Only these console methods are allowed: warn, error.  no-console

./src/lib/server/mentor-sessions-server.ts
155:5  Warning: Unexpected console statement. Only these console methods are allowed: warn, error.  no-console
156:5  Warning: Unexpected console statement. Only these console methods are allowed: warn, error.  no-console
265:5  Warning: Unexpected console statement. Only these console methods are allowed: warn, error.  no-console
362:9  Warning: Unexpected console statement. Only these console methods are allowed: warn, error.  no-console
373:5  Warning: Unexpected console statement. Only these console methods are allowed: warn, error.  no-console
377:5  Warning: Unexpected console statement. Only these console methods are allowed: warn, error.  no-console
385:7  Warning: Unexpected console statement. Only these console methods are allowed: warn, error.  no-console
420:7  Warning: Unexpected console statement. Only these console methods are allowed: warn, error.  no-console
462:5  Warning: Unexpected console statement. Only these console methods are allowed: warn, error.  no-console
554:11  Warning: Unexpected console statement. Only these console methods are allowed: warn, error.  no-console
613:5  Warning: Unexpected console statement. Only these console methods are allowed: warn, error.  no-console
615:7  Warning: Unexpected console statement. Only these console methods are allowed: warn, error.  no-console

./src/lib/server/user-mentor-server.ts
64:5  Warning: Unexpected console statement. Only these console methods are allowed: warn, error.  no-console
92:9  Warning: Unexpected console statement. Only these console methods are allowed: warn, error.  no-console
124:9  Warning: Unexpected console statement. Only these console methods are allowed: warn, error.  no-console
126:11  Warning: Unexpected console statement. Only these console methods are allowed: warn, error.  no-console
288:9  Warning: Unexpected console statement. Only these console methods are allowed: warn, error.  no-console
294:11  Warning: Unexpected console statement. Only these console methods are allowed: warn, error.  no-console
309:11  Warning: Unexpected console statement. Only these console methods are allowed: warn, error.  no-console
375:7  Warning: Unexpected console statement. Only these console methods are allowed: warn, error.  no-console
379:9  Warning: Unexpected console statement. Only these console methods are allowed: warn, error.  no-console
420:5  Warning: Unexpected console statement. Only these console methods are allowed: warn, error.  no-console
424:7  Warning: Unexpected console statement. Only these console methods are allowed: warn, error.  no-console
428:9  Warning: Unexpected console statement. Only these console methods are allowed: warn, error.  no-console

./src/lib/server/user-sessions-server.ts
81:9  Warning: Unexpected console statement. Only these console methods are allowed: warn, error.  no-console
223:9  Warning: Unexpected console statement. Only these console methods are allowed: warn, error.  no-console
236:11  Warning: Unexpected console statement. Only these console methods are allowed: warn, error.  no-console
247:11  Warning: Unexpected console statement. Only these console methods are allowed: warn, error.  no-console
257:9  Warning: Unexpected console statement. Only these console methods are allowed: warn, error.  no-console
288:7  Warning: Unexpected console statement. Only these console methods are allowed: warn, error.  no-console
292:9  Warning: Unexpected console statement. Only these console methods are allowed: warn, error.  no-console
293:9  Warning: Unexpected console statement. Only these console methods are allowed: warn, error.  no-console
311:7  Warning: Unexpected console statement. Only these console methods are allowed: warn, error.  no-console
325:5  Warning: Unexpected console statement. Only these console methods are allowed: warn, error.  no-console
356:7  Warning: Unexpected console statement. Only these console methods are allowed: warn, error.  no-console
360:9  Warning: Unexpected console statement. Only these console methods are allowed: warn, error.  no-console
409:5  Warning: Unexpected console statement. Only these console methods are allowed: warn, error.  no-console
410:5  Warning: Unexpected console statement. Only these console methods are allowed: warn, error.  no-console
411:5  Warning: Unexpected console statement. Only these console methods are allowed: warn, error.  no-console
414:5  Warning: Unexpected console statement. Only these console methods are allowed: warn, error.  no-console
552:5  Warning: Unexpected console statement. Only these console methods are allowed: warn, error.  no-console
568:7  Warning: Unexpected console statement. Only these console methods are allowed: warn, error.  no-console
579:5  Warning: Unexpected console statement. Only these console methods are allowed: warn, error.  no-console
684:5  Warning: Unexpected console statement. Only these console methods are allowed: warn, error.  no-console
685:5  Warning: Unexpected console statement. Only these console methods are allowed: warn, error.  no-console
699:7  Warning: Unexpected console statement. Only these console methods are allowed: warn, error.  no-console
724:5  Warning: Unexpected console statement. Only these console methods are allowed: warn, error.  no-console
734:5  Warning: Unexpected console statement. Only these console methods are allowed: warn, error.  no-console
737:5  Warning: Unexpected console statement. Only these console methods are allowed: warn, error.  no-console

./src/lib/services/email-student-for-session.ts
76:5  Warning: Unexpected console statement. Only these console methods are allowed: warn, error.  no-console
77:5  Warning: Unexpected console statement. Only these console methods are allowed: warn, error.  no-console

./src/lib/services/email.ts
31:5  Warning: Unexpected console statement. Only these console methods are allowed: warn, error.  no-console
32:5  Warning: Unexpected console statement. Only these console methods are allowed: warn, error.  no-console

./src/lib/services/mentor-sync.ts
23:5  Warning: Unexpected console statement. Only these console methods are allowed: warn, error.  no-console
43:11  Warning: Unexpected console statement. Only these console methods are allowed: warn, error.  no-console
49:5  Warning: Unexpected console statement. Only these console methods are allowed: warn, error.  no-console

./src/lib/services/razorpay-service.ts
48:5  Warning: Unexpected console statement. Only these console methods are allowed: warn, error.  no-console

./src/lib/services/scheduleEmails.ts
16:3  Warning: Unexpected console statement. Only these console methods are allowed: warn, error.  no-console
19:5  Warning: Unexpected console statement. Only these console methods are allowed: warn, error.  no-console

./src/lib/services/session-service.ts
46:7  Warning: Unexpected console statement. Only these console methods are allowed: warn, error.  no-console
57:9  Warning: Unexpected console statement. Only these console methods are allowed: warn, error.  no-console
74:9  Warning: Unexpected console statement. Only these console methods are allowed: warn, error.  no-console
95:13  Warning: Unexpected console statement. Only these console methods are allowed: warn, error.  no-console
112:13  Warning: Unexpected console statement. Only these console methods are allowed: warn, error.  no-console
120:11  Warning: Unexpected console statement. Only these console methods are allowed: warn, error.  no-console
124:7  Warning: Unexpected console statement. Only these console methods are allowed: warn, error.  no-console
152:7  Warning: Unexpected console statement. Only these console methods are allowed: warn, error.  no-console
185:7  Warning: Unexpected console statement. Only these console methods are allowed: warn, error.  no-console
199:11  Warning: Unexpected console statement. Only these console methods are allowed: warn, error.  no-console
201:11  Warning: Unexpected console statement. Only these console methods are allowed: warn, error.  no-console
235:5  Warning: Unexpected console statement. Only these console methods are allowed: warn, error.  no-console

./src/lib/services/session-status-service.ts
46:5  Warning: Unexpected console statement. Only these console methods are allowed: warn, error.  no-console
70:5  Warning: Unexpected console statement. Only these console methods are allowed: warn, error.  no-console
94:9  Warning: Unexpected console statement. Only these console methods are allowed: warn, error.  no-console
136:5  Warning: Unexpected console statement. Only these console methods are allowed: warn, error.  no-console
161:9  Warning: Unexpected console statement. Only these console methods are allowed: warn, error.  no-console
181:5  Warning: Unexpected console statement. Only these console methods are allowed: warn, error.  no-console
183:7  Warning: Unexpected console statement. Only these console methods are allowed: warn, error.  no-console

./src/lib/session.ts
17:5  Warning: Unexpected console statement. Only these console methods are allowed: warn, error.  no-console
23:7  Warning: Unexpected console statement. Only these console methods are allowed: warn, error.  no-console
41:7  Warning: Unexpected console statement. Only these console methods are allowed: warn, error.  no-console
45:5  Warning: Unexpected console statement. Only these console methods are allowed: warn, error.  no-console
50:5  Warning: Unexpected console statement. Only these console methods are allowed: warn, error.  no-console
58:11  Warning: Unexpected console statement. Only these console methods are allowed: warn, error.  no-console
126:13  Warning: Unexpected console statement. Only these console methods are allowed: warn, error.  no-console
157:7  Warning: Unexpected console statement. Only these console methods are allowed: warn, error.  no-console

./src/lib/stores/availability-store.ts
31:5  Warning: Unexpected console statement. Only these console methods are allowed: warn, error.  no-console
77:5  Warning: Unexpected console statement. Only these console methods are allowed: warn, error.  no-console

./src/lib/subscriptions.ts
306:5  Warning: Unexpected console statement. Only these console methods are allowed: warn, error.  no-console
311:5  Warning: Unexpected console statement. Only these console methods are allowed: warn, error.  no-console
349:5  Warning: Unexpected console statement. Only these console methods are allowed: warn, error.  no-console
448:9  Warning: Unexpected console statement. Only these console methods are allowed: warn, error.  no-console

./src/lib/userDetails.ts
177:5  Warning: Unexpected console statement. Only these console methods are allowed: warn, error.  no-console
178:5  Warning: Unexpected console statement. Only these console methods are allowed: warn, error.  no-console
179:5  Warning: Unexpected console statement. Only these console methods are allowed: warn, error.  no-console
180:5  Warning: Unexpected console statement. Only these console methods are allowed: warn, error.  no-console
181:5  Warning: Unexpected console statement. Only these console methods are allowed: warn, error.  no-console
182:5  Warning: Unexpected console statement. Only these console methods are allowed: warn, error.  no-console
183:5  Warning: Unexpected console statement. Only these console methods are allowed: warn, error.  no-console
184:5  Warning: Unexpected console statement. Only these console methods are allowed: warn, error.  no-console
185:5  Warning: Unexpected console statement. Only these console methods are allowed: warn, error.  no-console
186:5  Warning: Unexpected console statement. Only these console methods are allowed: warn, error.  no-console
187:5  Warning: Unexpected console statement. Only these console methods are allowed: warn, error.  no-console
188:5  Warning: Unexpected console statement. Only these console methods are allowed: warn, error.  no-console
190:5  Warning: Unexpected console statement. Only these console methods are allowed: warn, error.  no-console
191:5  Warning: Unexpected console statement. Only these console methods are allowed: warn, error.  no-console
192:5  Warning: Unexpected console statement. Only these console methods are allowed: warn, error.  no-console
193:5  Warning: Unexpected console statement. Only these console methods are allowed: warn, error.  no-console
194:5  Warning: Unexpected console statement. Only these console methods are allowed: warn, error.  no-console
195:5  Warning: Unexpected console statement. Only these console methods are allowed: warn, error.  no-console
196:5  Warning: Unexpected console statement. Only these console methods are allowed: warn, error.  no-console
197:5  Warning: Unexpected console statement. Only these console methods are allowed: warn, error.  no-console
198:5  Warning: Unexpected console statement. Only these console methods are allowed: warn, error.  no-console
199:5  Warning: Unexpected console statement. Only these console methods are allowed: warn, error.  no-console
200:5  Warning: Unexpected console statement. Only these console methods are allowed: warn, error.  no-console
201:5  Warning: Unexpected console statement. Only these console methods are allowed: warn, error.  no-console
203:5  Warning: Unexpected console statement. Only these console methods are allowed: warn, error.  no-console
204:5  Warning: Unexpected console statement. Only these console methods are allowed: warn, error.  no-console
205:5  Warning: Unexpected console statement. Only these console methods are allowed: warn, error.  no-console
207:5  Warning: Unexpected console statement. Only these console methods are allowed: warn, error.  no-console
208:5  Warning: Unexpected console statement. Only these console methods are allowed: warn, error.  no-console
209:5  Warning: Unexpected console statement. Only these console methods are allowed: warn, error.  no-console
211:5  Warning: Unexpected console statement. Only these console methods are allowed: warn, error.  no-console

./src/lib/utils/ticket-logger.ts
89:7  Warning: Unexpected console statement. Only these console methods are allowed: warn, error.  no-console

info  - Need to disable some ESLint rules? Learn more here: https://nextjs.org/docs/app/api-reference/config/eslint#disabling-rules
   Collecting page data ...
   Generating static pages (0/77) ...
   Generating static pages (19/77) 
≡ƒÜÇ MentorsPage component loaded
   Generating static pages (38/77) 
   Generating static pages (57/77) 
 Γ£ô Generating static pages (77/77)
   Finalizing page optimization ...
   Collecting build traces ...

Route (app)                                   Size  First Load JS
Γöî ╞Æ /                                      1.35 kB         189 kB
Γö£ Γùï /_not-found                              990 B         103 kB
Γö£ ╞Æ /api/admin/export/subscriptions          312 B         102 kB
Γö£ ╞Æ /api/admin/growth-stats                  312 B         102 kB
Γö£ ╞Æ /api/admin/logs                          312 B         102 kB
Γö£ ╞Æ /api/admin/logs/export                   312 B         102 kB
Γö£ ╞Æ /api/admin/logs/manage                   312 B         102 kB
Γö£ ╞Æ /api/admin/maintain-recurring-slots      312 B         102 kB
Γö£ ╞Æ /api/admin/subscription-stats            312 B         102 kB
Γö£ ╞Æ /api/admin/system-logs                   312 B         102 kB
Γö£ ╞Æ /api/admin/ticket-logs                   312 B         102 kB
Γö£ ╞Æ /api/admin/update-session-status         312 B         102 kB
Γö£ ╞Æ /api/admin/users/extend-trial            312 B         102 kB
Γö£ ╞Æ /api/admin/users/subscription-update     312 B         102 kB
Γö£ ╞Æ /api/admin/users/subscriptions           312 B         102 kB
Γö£ ╞Æ /api/analytics                           312 B         102 kB
Γö£ ╞Æ /api/auth/[...all]                       312 B         102 kB
Γö£ ╞Æ /api/billing/history                     312 B         102 kB
Γö£ ╞Æ /api/chat                                312 B         102 kB
Γö£ ╞Æ /api/cron/complete-sessions              312 B         102 kB
Γö£ ╞Æ /api/cron/update-subscriptions           312 B         102 kB
Γö£ ╞Æ /api/debug/sessions                      312 B         102 kB
Γö£ ╞Æ /api/debug/user-sessions                 312 B         102 kB
Γö£ ╞Æ /api/diet-plans/[id]                     312 B         102 kB
Γö£ ╞Æ /api/diet-plans/[id]/download            312 B         102 kB
Γö£ ╞Æ /api/mentor-application                  312 B         102 kB
Γö£ ╞Æ /api/mentor/[mentorId]                   312 B         102 kB
Γö£ ╞Æ /api/mentor/[mentorId]/sessions          312 B         102 kB
Γö£ ╞Æ /api/mentor/availability                 312 B         102 kB
Γö£ ╞Æ /api/mentor/availability-status          312 B         102 kB
Γö£ ╞Æ /api/mentor/book-session                 312 B         102 kB
Γö£ ╞Æ /api/mentor/create-session-payment       312 B         102 kB
Γö£ ╞Æ /api/mentor/diet-plans                   312 B         102 kB
Γö£ ╞Æ /api/mentor/diet-plans/[id]              312 B         102 kB
Γö£ ╞Æ /api/mentor/get-approved-mentors         312 B         102 kB
Γö£ ╞Æ /api/mentor/pricing                      312 B         102 kB
Γö£ ╞Æ /api/mentor/schedule                     312 B         102 kB
Γö£ ╞Æ /api/mentor/sessions                     312 B         102 kB
Γö£ ╞Æ /api/mentor/subscription-sessions        312 B         102 kB
Γö£ ╞Æ /api/mentor/timeslots                    312 B         102 kB
Γö£ ╞Æ /api/mentor/timeslots/[slotId]           312 B         102 kB
Γö£ ╞Æ /api/mentor/timeslots/[slotId]/book      312 B         102 kB
Γö£ ╞Æ /api/mentor/timeslots/[slotId]/test      312 B         102 kB
Γö£ ╞Æ /api/mentor/timeslots/book               312 B         102 kB
Γö£ ╞Æ /api/mentor/timeslots/simple-test        312 B         102 kB
Γö£ ╞Æ /api/mentor/timeslots/verify-payment     312 B         102 kB
Γö£ ╞Æ /api/mentor/verify-session-payment       312 B         102 kB
Γö£ ╞Æ /api/mentor/verify-timeslot-payment      312 B         102 kB
Γö£ ╞Æ /api/mentors                             312 B         102 kB
Γö£ ╞Æ /api/moderator/extend-trial              312 B         102 kB
Γö£ ╞Æ /api/moderator/subscription-stats        312 B         102 kB
Γö£ ╞Æ /api/moderator/user-lookup               312 B         102 kB
Γö£ ╞Æ /api/sessions/[sessionId]/complete       312 B         102 kB
Γö£ ╞Æ /api/sessions/[sessionId]/start          312 B         102 kB
Γö£ ╞Æ /api/students/my-sessions                312 B         102 kB
Γö£ ╞Æ /api/subscription                        312 B         102 kB
Γö£ ╞Æ /api/test/availability                   312 B         102 kB
Γö£ ╞Æ /api/test/session-service/[sessionId]    312 B         102 kB
Γö£ ╞Æ /api/test/set-availability               312 B         102 kB
Γö£ ╞Æ /api/tickets                             312 B         102 kB
Γö£ ╞Æ /api/tickets/[id]/assign                 312 B         102 kB
Γö£ ╞Æ /api/tickets/[id]/messages               312 B         102 kB
Γö£ ╞Æ /api/tickets/[id]/status                 312 B         102 kB
Γö£ ╞Æ /api/users                               312 B         102 kB
Γö£ ╞Æ /api/users/profile                       312 B         102 kB
Γö£ ╞Æ /api/users/session-bookings              312 B         102 kB
Γö£ ╞Æ /api/users/sessions                      312 B         102 kB
Γö£ ╞Æ /api/users/start-trial                   312 B         102 kB
Γö£ ╞Æ /api/users/unified-sessions              312 B         102 kB
Γö£ ╞Æ /api/users/update-phone                  312 B         102 kB
Γö£ ╞Æ /api/users/update-trial-status           312 B         102 kB
Γö£ ╞Æ /checkout                              5.56 kB         135 kB
Γö£ Γùï /complete-profile                      5.15 kB         156 kB
Γö£ ╞Æ /dashboard                              106 kB         425 kB
Γö£ ╞Æ /dashboard/diet-plan/[id]              3.96 kB         246 kB
Γö£ ╞Æ /dashboard/mentor/timeslots               7 kB         153 kB
Γö£ ╞Æ /dashboard/plans                         459 B         118 kB
Γö£ ╞Æ /dashboard/timeslots                   8.42 kB         154 kB
Γö£ Γùï /debug                                 5.17 kB         132 kB
Γö£ Γùï /debug-trial                           2.45 kB         129 kB
Γö£ Γùï /forgot-password                       4.04 kB         159 kB
Γö£ Γùï /mentors                               14.6 kB         199 kB
Γö£ ╞Æ /mentors/[mentorId]/timeslots          6.45 kB         126 kB
Γö£ ╞Æ /mentors/apply                         9.49 kB         190 kB
Γö£ Γùï /pricing                                 459 B         118 kB
Γö£ Γùï /reset-password                        4.18 kB         159 kB
Γö£ ╞Æ /session-checkout                      9.75 kB         166 kB
Γö£ Γùï /signin                                4.91 kB         160 kB
Γö£ Γùï /signup                                4.92 kB         160 kB
Γö£ ╞Æ /timeslot-checkout                     8.18 kB         138 kB
Γöö Γùï /welcome                                1.4 kB         112 kB
+ First Load JS shared by all               102 kB
  Γö£ chunks/1684-3fdaabc0eeb35025.js        46.4 kB
  Γö£ chunks/4bd1b696-5b946c894c58d050.js    53.2 kB
  Γöö other shared chunks (total)            2.01 kB


Γùï  (Static)   prerendered as static content
╞Æ  (Dynamic)  server-rendered on demand

