
> yogvaidya@0.1.0 test
> vitest --run src/lib/services/__tests__/file-upload-security.test.ts

node.exe : (node:27976) ExperimentalWarning: CommonJS module 
R:\Github\YogVaidya\vitest.config.ts is loading ES Module 
R:\Github\YogVaidya\node_modules\@vitejs\plugin-react\dist\index.js 
using require().
At C:\Program Files\nodejs\npm.ps1:29 char:3
+   & $NODE_EXE $NPM_CLI_JS $args
+   ~~~~~~~~~~~~~~~~~~~~~~~~~~~~~
    + CategoryInfo          : NotSpecified: ((node:27976) Ex...sing requ 
   ire().:String) [], RemoteException
    + FullyQualifiedErrorId : NativeCommandError
 
Support for loading ES Module in require() is an experimental feature 
and might change at any time
(Use `node --trace-warnings ...` to show where the warning was created)

[1m[46m RUN [49m[22m [36mv3.2.4 [39m[90mR:/Github/YogVaidya[39m

 [31mΓ¥»[39m src/lib/services/__tests__/file-upload-security.test.ts [2m([22m[2m35 tests[22m[2m | [22m[31m1 failed[39m[2m)[22m[32m 18[2mms[22m[39m
   [32mΓ£ô[39m File Upload & Storage Security - Critical[2m > [22mFile Type Validation[2m > [22mshould reject files with invalid MIME types[32m 1[2mms[22m[39m
   [32mΓ£ô[39m File Upload & Storage Security - Critical[2m > [22mFile Type Validation[2m > [22mshould validate file extension matches MIME type[32m 0[2mms[22m[39m
   [32mΓ£ô[39m File Upload & Storage Security - Critical[2m > [22mFile Type Validation[2m > [22mshould prevent double extension attacks[32m 0[2mms[22m[39m
   [32mΓ£ô[39m File Upload & Storage Security - Critical[2m > [22mFile Type Validation[2m > [22mshould reject executables regardless of extension[32m 0[2mms[22m[39m
   [32mΓ£ô[39m File Upload & Storage Security - Critical[2m > [22mFile Size Validation[2m > [22mshould reject files exceeding size limit[32m 0[2mms[22m[39m
   [32mΓ£ô[39m File Upload & Storage Security - Critical[2m > [22mFile Size Validation[2m > [22mshould enforce per-user storage quota[32m 0[2mms[22m[39m
   [32mΓ£ô[39m File Upload & Storage Security - Critical[2m > [22mFile Size Validation[2m > [22mshould prevent zero-byte or extremely small files[32m 0[2mms[22m[39m
   [32mΓ£ô[39m File Upload & Storage Security - Critical[2m > [22mFile Content Validation[2m > [22mshould scan uploaded files for malicious patterns[32m 0[2mms[22m[39m
   [32mΓ£ô[39m File Upload & Storage Security - Critical[2m > [22mFile Content Validation[2m > [22mshould prevent script injection in uploaded content[32m 1[2mms[22m[39m
   [32mΓ£ô[39m File Upload & Storage Security - Critical[2m > [22mFile Content Validation[2m > [22mshould validate PDF structure[32m 0[2mms[22m[39m
   [32mΓ£ô[39m File Upload & Storage Security - Critical[2m > [22mFile Content Validation[2m > [22mshould detect encrypted/password-protected uploads[32m 0[2mms[22m[39m
   [32mΓ£ô[39m File Upload & Storage Security - Critical[2m > [22mFile Storage & Organization[2m > [22mshould store files with random names to prevent guessing[32m 1[2mms[22m[39m
[31m   [31m├ù[31m File Upload & Storage Security - Critical[2m > [22mFile Storage & Organization[2m > [22mshould prevent directory traversal attacks[39m[32m 7[2mms[22m[39m
[31m     ΓåÆ expected 'etc/passwd' not to contain '/'[39m
   [32mΓ£ô[39m File Upload & Storage Security - Critical[2m > [22mFile Storage & Organization[2m > [22mshould organize files by user in isolated directories[32m 0[2mms[22m[39m
   [32mΓ£ô[39m File Upload & Storage Security - Critical[2m > [22mFile Storage & Organization[2m > [22mshould prevent symlink attacks[32m 0[2mms[22m[39m
   [32mΓ£ô[39m File Upload & Storage Security - Critical[2m > [22mUpload Request Validation[2m > [22mshould require authentication for uploads[32m 0[2mms[22m[39m
   [32mΓ£ô[39m File Upload & Storage Security - Critical[2m > [22mUpload Request Validation[2m > [22mshould validate CSRF tokens on file uploads[32m 0[2mms[22m[39m
   [32mΓ£ô[39m File Upload & Storage Security - Critical[2m > [22mUpload Request Validation[2m > [22mshould rate limit uploads per user[32m 0[2mms[22m[39m
   [32mΓ£ô[39m File Upload & Storage Security - Critical[2m > [22mImage Upload Specific Validation[2m > [22mshould validate image dimensions[32m 0[2mms[22m[39m
   [32mΓ£ô[39m File Upload & Storage Security - Critical[2m > [22mImage Upload Specific Validation[2m > [22mshould reject corrupted image files[32m 0[2mms[22m[39m
   [32mΓ£ô[39m File Upload & Storage Security - Critical[2m > [22mImage Upload Specific Validation[2m > [22mshould strip metadata from uploaded images[32m 0[2mms[22m[39m
   [32mΓ£ô[39m File Upload & Storage Security - Critical[2m > [22mImage Upload Specific Validation[2m > [22mshould prevent image bombs (decompression attacks)[32m 0[2mms[22m[39m
   [32mΓ£ô[39m File Upload & Storage Security - Critical[2m > [22mPDF Upload Specific Validation[2m > [22mshould reject PDFs with embedded scripts[32m 0[2mms[22m[39m
   [32mΓ£ô[39m File Upload & Storage Security - Critical[2m > [22mPDF Upload Specific Validation[2m > [22mshould reject password-protected PDFs[32m 0[2mms[22m[39m
   [32mΓ£ô[39m File Upload & Storage Security - Critical[2m > [22mPDF Upload Specific Validation[2m > [22mshould limit PDF pages[32m 0[2mms[22m[39m
   [32mΓ£ô[39m File Upload & Storage Security - Critical[2m > [22mUpload Virus Scanning[2m > [22mshould scan files before storage[32m 0[2mms[22m[39m
   [32mΓ£ô[39m File Upload & Storage Security - Critical[2m > [22mUpload Virus Scanning[2m > [22mshould quarantine suspicious files[32m 0[2mms[22m[39m
   [32mΓ£ô[39m File Upload & Storage Security - Critical[2m > [22mDownload & Access Control[2m > [22mshould prevent unauthorized file downloads[32m 0[2mms[22m[39m
   [32mΓ£ô[39m File Upload & Storage Security - Critical[2m > [22mDownload & Access Control[2m > [22mshould enforce download rate limiting[32m 0[2mms[22m[39m
   [32mΓ£ô[39m File Upload & Storage Security - Critical[2m > [22mDownload & Access Control[2m > [22mshould set secure headers on file downloads[32m 0[2mms[22m[39m
   [32mΓ£ô[39m File Upload & Storage Security - Critical[2m > [22mDownload & Access Control[2m > [22mshould log all file access for audit trail[32m 0[2mms[22m[39m
   [32mΓ£ô[39m File Upload & Storage Security - Critical[2m > [22mTemporary & Cache Files[2m > [22mshould clean up temporary upload files[32m 0[2mms[22m[39m
   [32mΓ£ô[39m File Upload & Storage Security - Critical[2m > [22mTemporary & Cache Files[2m > [22mshould set expiry on cached files[32m 0[2mms[22m[39m
   [32mΓ£ô[39m File Upload & Storage Security - Critical[2m > [22mBackup & Recovery[2m > [22mshould maintain backup copies of critical files[32m 0[2mms[22m[39m
   [32mΓ£ô[39m File Upload & Storage Security - Critical[2m > [22mBackup & Recovery[2m > [22mshould encrypt files at rest[32m 0[2mms[22m[39m

[31mΓÄ»ΓÄ»ΓÄ»ΓÄ»ΓÄ»ΓÄ»ΓÄ»[39m[1m[41m Failed Tests 1 
[49m[22m[31mΓÄ»ΓÄ»ΓÄ»ΓÄ»ΓÄ»ΓÄ»ΓÄ»[39m

[41m[1m FAIL [22m[49m 
src/lib/services/__tests__/file-upload-security.test.ts[2m > [22mFile 
Upload & Storage Security - Critical[2m > [22mFile Storage & 
Organization[2m > [22mshould prevent directory traversal attacks
[31m[1mAssertionError[22m: expected 'etc/passwd' not to contain 
'/'[39m

Expected: [32m"/"[39m
Received: [31m"etc/passwd"[39m

[36m [2mΓ¥»[22m src/lib/services/__tests__/file-upload-security.test.t
s:[2m137:29[22m[39m
    [90m135| [39m
    [90m136| [39m      [34mexpect[39m(sanitized)[33m.[39mnot[33m.
[39m[34mtoContain[39m([32m'..'[39m)[33m;[39m
    [90m137| [39m      [34mexpect[39m(sanitized)[33m.[39mnot[33m.
[39m[34mtoContain[39m([32m'/'[39m)[33m;[39m
    [90m   | [39m                            [31m^[39m
    [90m138| [39m    })[33m;[39m
    [90m139| [39m

[31m[2mΓÄ»ΓÄ»ΓÄ»ΓÄ»ΓÄ»ΓÄ»ΓÄ»ΓÄ»ΓÄ»ΓÄ»ΓÄ»ΓÄ»ΓÄ»ΓÄ»ΓÄ»ΓÄ»ΓÄ»ΓÄ»ΓÄ»ΓÄ»ΓÄ»Γ
Ä»ΓÄ»ΓÄ»[1/1]ΓÄ»[22m[39m


[2m Test Files [22m [1m[31m1 failed[39m[22m[90m (1)[39m
[2m      Tests [22m [1m[31m1 failed[39m[22m[2m | [22m[1m[32m34 passed[39m[22m[90m (35)[39m
[2m   Start at [22m 18:47:33
[2m   Duration [22m 1.41s[2m (transform 82ms, setup 232ms, collect 33ms, tests 18ms, environment 664ms, prepare 201ms)[22m

